// Jest Snapshot v1, https://goo.gl/fbAQLP

exports[`gameSquare square clicked 1`] = `
<div
  onClick={[Function]}
>
  <p>
    ðŸ’¡
  </p>
</div>
`;
